2026-09-10 20:44:20,786 INFO meituan page 1/10: 20 rows, 20 new (collected: 20)
2026-09-10 20:44:22,388 INFO meituan page 2/10: 20 rows, 20 new (collected: 40)
2026-09-10 20:44:23,975 INFO meituan page 3/10: 20 rows, 20 new (collected: 60)
2026-09-10 20:44:25,479 INFO meituan page 4/10: 20 rows, 20 new (collected: 80)
2026-09-10 20:44:27,062 INFO meituan page 5/10: 20 rows, 20 new (collected: 100)
2026-09-10 20:44:28,587 INFO meituan page 6/10: 20 rows, 20 new (collected: 120)
2026-09-10 20:44:30,263 INFO meituan page 7/10: 20 rows, 20 new (collected: 140)
2026-09-10 20:44:31,886 INFO meituan page 8/10: 20 rows, 20 new (collected: 160)
2026-09-10 20:44:33,428 INFO meituan page 9/10: 20 rows, 19 new (collected: 179)
2026-09-10 20:44:34,918 INFO meituan page 10/10: 9 rows, 9 new (collected: 188)
2026-09-10 20:44:36,248 INFO meituan page 11/10: 0 rows, 0 new (collected: 188)
2026-09-10 20:44:37,042 INFO netease page 1/1: 77 rows (collected: 77)
2026-09-10 20:44:37,742 INFO netease-huyu page 1/1: 53 rows (collected: 53)
2026-09-10 20:44:38,274 INFO midea page 1/8: 20 rows (collected: 20)
2026-09-10 20:44:39,557 INFO midea page 2/8: 20 rows (collected: 40)
2026-09-10 20:44:40,792 INFO midea page 3/8: 20 rows (collected: 60)
2026-09-10 20:44:42,031 INFO midea page 4/8: 20 rows (collected: 80)
2026-09-10 20:44:43,308 INFO midea page 5/8: 20 rows (collected: 100)
2026-09-10 20:44:44,536 INFO midea page 6/8: 20 rows (collected: 120)
2026-09-10 20:44:45,873 INFO midea page 7/8: 20 rows (collected: 140)
2026-09-10 20:44:47,102 INFO midea page 8/8: 6 rows (collected: 146)
2026-09-10 20:44:58,309 INFO mindray page 0/3: 100 rows (collected: 100, campus-hint: 0)
2026-09-10 20:45:03,874 INFO mindray page 1/3: 100 rows (collected: 200, campus-hint: 1)
2026-09-10 20:45:06,805 INFO mindray page 2/3: 64 rows (collected: 264, campus-hint: 1)
2026-09-10 20:45:08,169 INFO mindray page 3/3: 0 rows (collected: 264, campus-hint: 1)
2026-09-10 20:45:08,628 INFO tencent page 1/9: 100 rows (total collected: 100)
2026-09-10 20:45:09,966 INFO tencent page 2/9: 100 rows (total collected: 200)
2026-09-10 20:45:11,289 INFO tencent page 3/9: 100 rows (total collected: 300)
2026-09-10 20:45:12,615 INFO tencent page 4/9: 100 rows (total collected: 400)
2026-09-10 20:45:13,912 INFO tencent page 5/9: 100 rows (total collected: 500)
2026-09-10 20:45:15,207 INFO tencent page 6/9: 100 rows (total collected: 600)
2026-09-10 20:45:16,504 INFO tencent page 7/9: 100 rows (total collected: 700)
2026-09-10 20:45:17,839 INFO tencent page 8/9: 100 rows (total collected: 800)
2026-09-10 20:45:19,127 INFO tencent page 9/9: 15 rows (total collected: 815)
2026-09-10 20:45:21,017 INFO bytedance offset 0: 100 rows (collected: 100, campus: 0/100)
2026-09-10 20:45:23,862 INFO bytedance offset 100: 100 rows (collected: 200, campus: 0/200)
2026-09-10 20:45:26,463 INFO bytedance offset 200: 100 rows (collected: 300, campus: 0/300)
2026-09-10 20:45:29,156 INFO bytedance offset 300: 100 rows (collected: 400, campus: 0/400)
2026-09-10 20:45:31,979 INFO bytedance offset 400: 100 rows (collected: 500, campus: 0/500)
2026-09-10 20:45:34,804 INFO bytedance offset 500: 100 rows (collected: 600, campus: 0/600)
2026-09-10 20:45:37,474 INFO bytedance offset 600: 100 rows (collected: 700, campus: 0/700)
2026-09-10 20:45:40,148 INFO bytedance offset 700: 100 rows (collected: 800, campus: 0/800)
2026-09-10 20:45:42,821 INFO bytedance offset 800: 100 rows (collected: 900, campus: 0/900)
2026-09-10 20:45:45,609 INFO bytedance offset 900: 100 rows (collected: 1000, campus: 0/1000)
2026-09-10 20:45:48,374 INFO bytedance offset 1000: 100 rows (collected: 1100, campus: 0/1100)
2026-09-10 20:45:51,114 INFO bytedance offset 1100: 100 rows (collected: 1200, campus: 0/1200)
2026-09-10 20:45:53,850 INFO bytedance offset 1200: 100 rows (collected: 1300, campus: 0/1300)
2026-09-10 20:45:56,920 INFO bytedance offset 1300: 100 rows (collected: 1400, campus: 0/1400)
2026-09-10 20:45:59,669 INFO bytedance offset 1400: 100 rows (collected: 1500, campus: 0/1500)
2026-09-10 20:46:03,599 INFO bytedance offset 1500: 100 rows (collected: 1600, campus: 0/1600)
2026-09-10 20:46:06,481 INFO bytedance offset 1600: 100 rows (collected: 1700, campus: 0/1700)
2026-09-10 20:46:09,394 INFO bytedance offset 1700: 100 rows (collected: 1800, campus: 0/1800)
2026-09-10 20:46:12,069 INFO bytedance offset 1800: 100 rows (collected: 1900, campus: 0/1900)
2026-09-10 20:46:14,838 INFO bytedance offset 1900: 100 rows (collected: 2000, campus: 0/2000)
2026-09-10 20:46:17,684 INFO bytedance offset 2000: 100 rows (collected: 2100, campus: 0/2100)
2026-09-10 20:46:20,441 INFO bytedance offset 2100: 100 rows (collected: 2200, campus: 0/2200)
2026-09-10 20:46:23,188 INFO bytedance offset 2200: 100 rows (collected: 2300, campus: 0/2300)
2026-09-10 20:46:26,083 INFO bytedance offset 2300: 100 rows (collected: 2400, campus: 0/2400)
2026-09-10 20:46:28,901 INFO bytedance offset 2400: 100 rows (collected: 2500, campus: 0/2500)
2026-09-10 20:46:31,907 INFO bytedance offset 2500: 100 rows (collected: 2600, campus: 0/2600)
2026-09-10 20:46:34,751 INFO bytedance offset 2600: 100 rows (collected: 2700, campus: 0/2700)
2026-09-10 20:46:37,609 INFO bytedance offset 2700: 100 rows (collected: 2800, campus: 0/2800)
2026-09-10 20:46:40,393 INFO bytedance offset 2800: 100 rows (collected: 2900, campus: 0/2900)
2026-09-10 20:46:43,180 INFO bytedance offset 2900: 100 rows (collected: 3000, campus: 0/3000)
2026-09-10 20:46:46,055 INFO bytedance offset 3000: 100 rows (collected: 3100, campus: 0/3100)
2026-09-10 20:46:48,875 INFO bytedance offset 3100: 100 rows (collected: 3200, campus: 0/3200)
2026-09-10 20:46:51,878 INFO bytedance offset 3200: 100 rows (collected: 3300, campus: 0/3300)
2026-09-10 20:46:54,690 INFO bytedance offset 3300: 100 rows (collected: 3400, campus: 0/3400)
2026-09-10 20:46:57,703 INFO bytedance offset 3400: 100 rows (collected: 3500, campus: 0/3500)
2026-09-10 20:47:00,639 INFO bytedance offset 3500: 100 rows (collected: 3600, campus: 0/3600)
2026-09-10 20:47:03,509 INFO bytedance offset 3600: 100 rows (collected: 3700, campus: 0/3700)
2026-09-10 20:47:06,401 INFO bytedance offset 3700: 100 rows (collected: 3800, campus: 0/3800)
2026-09-10 20:47:09,210 INFO bytedance offset 3800: 100 rows (collected: 3900, campus: 0/3900)
2026-09-10 20:47:12,170 INFO bytedance offset 3900: 100 rows (collected: 4000, campus: 0/4000)
2026-09-10 20:47:15,078 INFO bytedance offset 4000: 100 rows (collected: 4100, campus: 0/4100)
2026-09-10 20:47:17,981 INFO bytedance offset 4100: 100 rows (collected: 4200, campus: 0/4200)
2026-09-10 20:47:20,891 INFO bytedance offset 4200: 100 rows (collected: 4300, campus: 0/4300)
2026-09-10 20:47:23,851 INFO bytedance offset 4300: 100 rows (collected: 4400, campus: 0/4400)
2026-09-10 20:47:26,689 INFO bytedance offset 4400: 100 rows (collected: 4500, campus: 0/4500)
2026-09-10 20:47:29,603 INFO bytedance offset 4500: 100 rows (collected: 4600, campus: 0/4600)
2026-09-10 20:47:32,428 INFO bytedance offset 4600: 100 rows (collected: 4700, campus: 0/4700)
2026-09-10 20:47:35,390 INFO bytedance offset 4700: 100 rows (collected: 4800, campus: 0/4800)
2026-09-10 20:47:38,488 INFO bytedance offset 4800: 100 rows (collected: 4900, campus: 0/4900)
2026-09-10 20:47:41,479 INFO bytedance offset 4900: 100 rows (collected: 5000, campus: 0/5000)
2026-09-10 20:47:44,371 INFO bytedance offset 5000: 100 rows (collected: 5100, campus: 0/5100)
2026-09-10 20:47:47,453 INFO bytedance offset 5100: 100 rows (collected: 5200, campus: 0/5200)
2026-09-10 20:47:50,395 INFO bytedance offset 5200: 100 rows (collected: 5300, campus: 0/5300)
2026-09-10 20:47:53,330 INFO bytedance offset 5300: 100 rows (collected: 5400, campus: 0/5400)
2026-09-10 20:47:56,363 INFO bytedance offset 5400: 100 rows (collected: 5500, campus: 0/5500)
2026-09-10 20:47:59,308 INFO bytedance offset 5500: 100 rows (collected: 5600, campus: 0/5600)
2026-09-10 20:48:02,230 INFO bytedance offset 5600: 100 rows (collected: 5700, campus: 0/5700)
2026-09-10 20:48:05,460 INFO bytedance offset 5700: 100 rows (collected: 5800, campus: 0/5800)
2026-09-10 20:48:08,424 INFO bytedance offset 5800: 100 rows (collected: 5900, campus: 0/5900)
2026-09-10 20:48:11,420 INFO bytedance offset 5900: 100 rows (collected: 6000, campus: 0/6000)
2026-09-10 20:48:14,649 INFO bytedance offset 6000: 100 rows (collected: 6100, campus: 0/6100)
2026-09-10 20:48:17,551 INFO bytedance offset 6100: 100 rows (collected: 6200, campus: 0/6200)
2026-09-10 20:48:20,541 INFO bytedance offset 6200: 100 rows (collected: 6300, campus: 0/6300)
2026-09-10 20:48:23,540 INFO bytedance offset 6300: 100 rows (collected: 6400, campus: 0/6400)
2026-09-10 20:48:26,463 INFO bytedance offset 6400: 100 rows (collected: 6500, campus: 0/6500)
2026-09-10 20:48:29,575 INFO bytedance offset 6500: 100 rows (collected: 6600, campus: 0/6600)
2026-09-10 20:48:32,526 INFO bytedance offset 6600: 100 rows (collected: 6700, campus: 0/6700)
2026-09-10 20:48:35,481 INFO bytedance offset 6700: 100 rows (collected: 6800, campus: 0/6800)
2026-09-10 20:48:38,480 INFO bytedance offset 6800: 100 rows (collected: 6900, campus: 0/6900)
2026-09-10 20:48:41,499 INFO bytedance offset 6900: 100 rows (collected: 7000, campus: 0/7000)
2026-09-10 20:48:44,533 INFO bytedance offset 7000: 100 rows (collected: 7100, campus: 0/7100)
2026-09-10 20:48:47,451 INFO bytedance offset 7100: 100 rows (collected: 7200, campus: 0/7200)
2026-09-10 20:48:50,554 INFO bytedance offset 7200: 100 rows (collected: 7300, campus: 0/7300)
2026-09-10 20:48:53,576 INFO bytedance offset 7300: 100 rows (collected: 7400, campus: 0/7400)
2026-09-10 20:48:56,597 INFO bytedance offset 7400: 100 rows (collected: 7500, campus: 0/7500)
2026-09-10 20:48:59,646 INFO bytedance offset 7500: 100 rows (collected: 7600, campus: 0/7600)
2026-09-10 20:49:02,742 INFO bytedance offset 7600: 100 rows (collected: 7700, campus: 0/7700)
2026-09-10 20:49:06,004 INFO bytedance offset 7700: 100 rows (collected: 7800, campus: 0/7800)
2026-09-10 20:49:09,307 INFO bytedance offset 7800: 100 rows (collected: 7900, campus: 0/7900)
2026-09-10 20:49:12,381 INFO bytedance offset 7900: 100 rows (collected: 8000, campus: 0/8000)
2026-09-10 20:49:15,427 INFO bytedance offset 8000: 100 rows (collected: 8100, campus: 0/8100)
2026-09-10 20:49:18,595 INFO bytedance offset 8100: 100 rows (collected: 8200, campus: 0/8200)
2026-09-10 20:49:21,669 INFO bytedance offset 8200: 100 rows (collected: 8300, campus: 0/8300)
2026-09-10 20:49:24,763 INFO bytedance offset 8300: 100 rows (collected: 8400, campus: 0/8400)
2026-09-10 20:49:27,776 INFO bytedance offset 8400: 100 rows (collected: 8500, campus: 0/8500)
2026-09-10 20:49:30,780 INFO bytedance offset 8500: 100 rows (collected: 8600, campus: 0/8600)
2026-09-10 20:49:33,811 INFO bytedance offset 8600: 100 rows (collected: 8700, campus: 0/8700)
2026-09-10 20:49:37,611 INFO bytedance offset 8700: 100 rows (collected: 8800, campus: 0/8800)
2026-09-10 20:49:40,670 INFO bytedance offset 8800: 100 rows (collected: 8900, campus: 0/8900)
2026-09-10 20:49:43,740 INFO bytedance offset 8900: 100 rows (collected: 9000, campus: 0/9000)
2026-09-10 20:49:46,834 INFO bytedance offset 9000: 100 rows (collected: 9100, campus: 0/9100)
2026-09-10 20:49:49,790 INFO bytedance offset 9100: 100 rows (collected: 9200, campus: 0/9200)
2026-09-10 20:49:52,848 INFO bytedance offset 9200: 100 rows (collected: 9300, campus: 0/9300)
2026-09-10 20:49:56,060 INFO bytedance offset 9300: 100 rows (collected: 9400, campus: 0/9400)
2026-09-10 20:49:59,163 INFO bytedance offset 9400: 100 rows (collected: 9500, campus: 0/9500)
2026-09-10 20:50:02,342 INFO bytedance offset 9500: 100 rows (collected: 9600, campus: 0/9600)
2026-09-10 20:50:05,468 INFO bytedance offset 9600: 100 rows (collected: 9700, campus: 0/9700)
2026-09-10 20:50:08,672 INFO bytedance offset 9700: 100 rows (collected: 9800, campus: 0/9800)
2026-09-10 20:50:12,017 INFO bytedance offset 9800: 100 rows (collected: 9900, campus: 0/9900)
2026-09-10 20:50:15,879 INFO bytedance offset 9900: 100 rows (collected: 10000, campus: 0/10000)
2026-09-10 20:50:28,452 INFO alibaba page 1: 0 rows, total=0 (collected 0)
